spec/app/lib/schema_classes/widget.rb:
# frozen_string_literal: true

# This file is autogenerated by Deimos, Do NOT modify
module Schemas
  ### Primary Schema Class ###
  # Autogenerated Schema for Record at com.my-namespace.Widget
  class Widget < Deimos::SchemaClass::Record

    ### Attribute Accessors ###
    # @return [Integer]
    attr_accessor :id
    # @return [Integer]
    attr_accessor :widget_id
    # @return [String]
    attr_accessor :name
    # @return [Integer]
    attr_accessor :updated_at
    # @return [Integer]
    attr_accessor :created_at

    # @override
    def initialize(id: nil,
                   widget_id: nil,
                   name: nil,
                   updated_at: nil,
                   created_at: nil)
      super
      self.id = id
      self.widget_id = widget_id
      self.name = name
      self.updated_at = updated_at
      self.created_at = created_at
    end

    # @override
    def schema
      'Widget'
    end

    # @override
    def namespace
      'com.my-namespace'
    end

    def self.tombstone(key)
      record = self.allocate
      record.tombstone_key = key
      record.a_string = key
      record
    end

    # @override
    def as_json(_opts={})
      {
        'id' => @id,
        'widget_id' => @widget_id,
        'name' => @name,
        'updated_at' => @updated_at,
        'created_at' => @created_at
      }
    end
  end
end

